[houxiaoqi.xyz/index.html]
[backblue.gif]
[fade.gif]
[index.html]
[houxiaoqi.xyz/templates/shaper_helixultimate/images/favicon.ico]
[houxiaoqi.xyz/templates/shaper_helixultimate/css/bootstrap.min.css]
[houxiaoqi.xyz/templates/shaper_helixultimate/css/font-awesome.min.css]
[houxiaoqi.xyz/templates/shaper_helixultimate/css/fa-v4-shims.css]
[houxiaoqi.xyz/templates/shaper_helixultimate/css/template.css]
[houxiaoqi.xyz/templates/shaper_helixultimate/css/presets/default.css]
[houxiaoqi.xyz/templates/shaper_helixultimate/css/custom.css]
[houxiaoqi.xyz/fonts/wenyi.ttf]
[houxiaoqi.xyz/fonts/zhunyuan.ttf]
[pagefactory.joomla.work/images/pagefactory/demo/images/2019/kindergarten/hero-bg.png]
[houxiaoqi.xyz/media/jui/js/jquery.mince1e.js]
[houxiaoqi.xyz/media/jui/js/jquery-noconflictce1e.js]
[houxiaoqi.xyz/media/jui/js/jquery-migrate.mince1e.js]
[houxiaoqi.xyz/templates/shaper_helixultimate/js/popper.min.js]
[houxiaoqi.xyz/templates/shaper_helixultimate/js/bootstrap.min.js]
[houxiaoqi.xyz/templates/shaper_helixultimate/js/main.js]
[houxiaoqi.xyz/media/system/js/corece1e.js]
[houxiaoqi.xyz/images/joomla.png]
[houxiaoqi.xyz/images/二次元证件照.png]
[pagefactory.joomla.work/images/pagefactory/demo/images/2019/kindergarten/bg-rain.png]
[pagefactory.joomla.work/images/pagefactory/demo/images/2019/kindergarten/bg-number.png]
[pagefactory.joomla.work/images/pagefactory/demo/images/2019/kindergarten/bg-rainbow.png]
[houxiaoqi.xyz/images/pagefactory/media/images/2020/08/19/8__3200x1824.jpg]
[houxiaoqi.xyz/images/pagefactory/media/images/2020/08/19/-69070e80b6abb582__1920x1920.jpg]
[houxiaoqi.xyz/images/pagefactory/media/images/2020/08/19/78151565e7a91878__1080x1080.jpg]
[houxiaoqi.xyz/images/pagefactory/media/images/2020/08/19/6835c9933df1f1b1__1920x1920.jpg]
[houxiaoqi.xyz/images/pagefactory/media/images/2020/08/19/-4712d08cefd2a53b__1072x1072.jpg]
[houxiaoqi.xyz/images/pagefactory/media/images/2020/08/19/28e851c8a6aed544__1920x1920.jpg]
[houxiaoqi.xyz/images/pagefactory/media/images/2020/08/19/-18fdced100a2be85__1044x1044.jpg]
[houxiaoqi.xyz/index.html]
[houxiaoqi.xyz/templates/shaper_helixultimate/css/bootstrap.min.css]
[houxiaoqi.xyz/templates/shaper_helixultimate/fonts/fa-brands-400.woff]
[houxiaoqi.xyz/templates/shaper_helixultimate/fonts/fa-brands-400.ttf]
[houxiaoqi.xyz/templates/shaper_helixultimate/fonts/fa-regular-400.woff]
[houxiaoqi.xyz/templates/shaper_helixultimate/fonts/fa-regular-400.ttf]
[houxiaoqi.xyz/templates/shaper_helixultimate/fonts/fa-solid-900.woff]
[houxiaoqi.xyz/templates/shaper_helixultimate/fonts/fa-solid-900.ttf]
[houxiaoqi.xyz/templates/shaper_helixultimate/css/font-awesome.min.css]
[houxiaoqi.xyz/templates/shaper_helixultimate/css/fa-v4-shims.css]
[houxiaoqi.xyz/templates/shaper_helixultimate/css/template.css]
[houxiaoqi.xyz/templates/shaper_helixultimate/css/presets/default.css]
[houxiaoqi.xyz/templates/shaper_helixultimate/css/custom.css]
